../Core/Src/main.c:61:6:display7SEG	16	static
../Core/Src/main.c:155:6:update7SEG	16	static
../Core/Src/main.c:195:6:updateClockBuffer	16	static
../Core/Src/main.c:210:6:setTimer0	16	static
../Core/Src/main.c:214:6:setTimer1	16	static
../Core/Src/main.c:218:6:setTimer2	16	static
../Core/Src/main.c:222:6:timer_run	4	static
../Core/Src/main.c:241:6:clearLEDMatrix	8	static
../Core/Src/main.c:253:6:displayLEDMatrix	16	static
../Core/Src/main.c:272:6:updateLEDMatrix	16	static
../Core/Src/main.c:323:6:ledMatrixEffect	16	static
../Core/Src/main.c:337:5:main	40	static
../Core/Src/main.c:429:6:SystemClock_Config	72	static
../Core/Src/main.c:466:13:MX_TIM2_Init	32	static
../Core/Src/main.c:511:13:MX_GPIO_Init	32	static
../Core/Src/main.c:565:6:Error_Handler	4	static,ignoring_inline_asm
../Core/Src/main.c:576:6:HAL_TIM_PeriodElapsedCallback	16	static
